Compiled from "main.rs"

public static int exercise_variable_names(int, long);
LineNumberTable:
line 9
line 10
line 11
line 12
line 13
line 14
line 12
line 16
line 17
line 16
line 17
line 18
line 17
LocalVariableTable:
Slot Name Signature
0 first I
1 wide J
4 doubled I
5 total I
6 index I
13 first I

public static void main(java.lang.String[]);
LineNumberTable:
line 21
line 22
line 21
line 22
line 23
LocalVariableTable:
Slot Name Signature
0 args [Ljava/lang/String;
1 result I
