Compiled from "main.rs"

public static int exercise_variable_names(int, long);
LineNumberTable:
line 3
line 4
line 5
line 6
line 7
line 8
line 6
line 10
line 11
line 10
line 11
line 12
line 11
LocalVariableTable:
Slot Name Signature
0 first I
1 wide J
7 doubled I
8 total I
9 index I
25 first I

public static void main(java.lang.String[]);
LineNumberTable:
line 14
line 15
line 16
line 15
line 16
line 17
line 16
LocalVariableTable:
Slot Name Signature
0 args [Ljava/lang/String;
1 result I
